src/context/WalletContext.tsx(195,25): error TS2322: Type '"xverse" | "leather" | "other"' is not assignable to type '"xverse" | "leather" | "demo" | null'.
  Type '"other"' is not assignable to type '"xverse" | "leather" | "demo" | null'.
src/pages/Claim.tsx(54,29): error TS2322: Type '(useRealWallet?: boolean | undefined) => Promise<void>' is not assignable to type 'MouseEventHandler<HTMLButtonElement>'.
  Types of parameters 'useRealWallet' and 'event' are incompatible.
    Type 'MouseEvent<HTMLButtonElement, MouseEvent>' is not assignable to type 'boolean | undefined'.
src/pages/Dashboard.tsx(17,38): error TS6133: 'isLoading' is declared but its value is never read.
src/pages/Landing.tsx(10,5): error TS6133: 'CheckCircle' is declared but its value is never read.
src/services/bitcoinWallet.ts(68,29): error TS2322: Type '"payment"' is not assignable to type 'EnumValues<typeof AddressPurpose>'.
src/services/bitcoinWallet.ts(68,40): error TS2322: Type '"ordinals"' is not assignable to type 'EnumValues<typeof AddressPurpose>'.
src/services/bitcoinWallet.ts(70,17): error TS2322: Type '{ type: BitcoinNetwork; }' is not assignable to type 'BitcoinNetworkType | undefined'.
src/services/charms.ts(108,13): error TS6133: 'apiUrl' is declared but its value is never read.
src/services/charms.ts(190,9): error TS6133: 'name' is declared but its value is never read.
src/services/psbtBuilder.ts(146,51): error TS2820: Type '"OP_RETURN"' is not assignable to type 'ScriptOP'. Did you mean '"RETURN"'?
src/services/psbtBuilder.ts(219,51): error TS2820: Type '"OP_RETURN"' is not assignable to type 'ScriptOP'. Did you mean '"RETURN"'?
src/services/psbtBuilder.ts(286,51): error TS2820: Type '"OP_RETURN"' is not assignable to type 'ScriptOP'. Did you mean '"RETURN"'?
src/services/psbtBuilder.ts(345,51): error TS2820: Type '"OP_RETURN"' is not assignable to type 'ScriptOP'. Did you mean '"RETURN"'?
